INNER  L=0 idx=0     flat_off=0       pairs=256    official_off=0     
INNER  L=1 idx=0     flat_off=256     pairs=128    official_off=512   
INNER  L=2 idx=0     flat_off=512     pairs=64     official_off=768   
INNER  L=3 idx=0     flat_off=768     pairs=32     official_off=896   
INNER  L=4 idx=0     flat_off=1024    pairs=16     official_off=960   
INNER  L=5 idx=0     flat_off=1280    pairs=8      official_off=992   
INNER  L=6 idx=0     flat_off=1536    pairs=4      official_off=1008  
INNER  L=7 idx=0     flat_off=1792    pairs=2      official_off=1016  
INNER  L=8 idx=0     flat_off=2048    pairs=1      official_off=1020  
LEAF   L=9 idx=0     flat_off=2304    sigma= 3fe8ad7c97d08e5d
LEAF   L=9 idx=1     flat_off=2305    sigma= 3fe8a58ba9052ab4
INNER  L=8 idx=1     flat_off=2049    pairs=1      official_off=1024  
LEAF   L=9 idx=2     flat_off=2306    sigma= 3fe89de115f635de
LEAF   L=9 idx=3     flat_off=2307    sigma= 3fe89511544a94b5
INNER  L=7 idx=1     flat_off=1794    pairs=2      official_off=1028  
INNER  L=8 idx=2     flat_off=2050    pairs=1      official_off=1032  
LEAF   L=9 idx=4     flat_off=2308    sigma= 3fe889765955dfc6
LEAF   L=9 idx=5     flat_off=2309    sigma= 3fe88050e4e30633
INNER  L=8 idx=3     flat_off=2051    pairs=1      official_off=1036  
LEAF   L=9 idx=6     flat_off=2310    sigma= 3fe87b96942bce02
LEAF   L=9 idx=7     flat_off=2311    sigma= 3fe871f261e2a7c5
INNER  L=6 idx=1     flat_off=1540    pairs=4      official_off=1040  
INNER  L=7 idx=2     flat_off=1796    pairs=2      official_off=1048  
INNER  L=8 idx=4     flat_off=2052    pairs=1      official_off=1052  
LEAF   L=9 idx=8     flat_off=2312    sigma= 3fe8984e74baf274
LEAF   L=9 idx=9     flat_off=2313    sigma= 3fe8904388a93ae4
INNER  L=8 idx=5     flat_off=2053    pairs=1      official_off=1056  
LEAF   L=9 idx=10    flat_off=2314    sigma= 3fe887d7338a0947
LEAF   L=9 idx=11    flat_off=2315    sigma= 3fe87ea4a7830a35
INNER  L=7 idx=3     flat_off=1798    pairs=2      official_off=1060  
INNER  L=8 idx=6     flat_off=2054    pairs=1      official_off=1064  
LEAF   L=9 idx=12    flat_off=2316    sigma= 3fe875e60bd1d555
LEAF   L=9 idx=13    flat_off=2317    sigma= 3fe86ca9fea4350b
INNER  L=8 idx=7     flat_off=2055    pairs=1      official_off=1068  
LEAF   L=9 idx=14    flat_off=2318    sigma= 3fe86789a1918327
LEAF   L=9 idx=15    flat_off=2319    sigma= 3fe85d8b5324095f
INNER  L=5 idx=1     flat_off=1288    pairs=8      official_off=1072  
INNER  L=6 idx=2     flat_off=1544    pairs=4      official_off=1088  
INNER  L=7 idx=4     flat_off=1800    pairs=2      official_off=1096  
INNER  L=8 idx=8     flat_off=2056    pairs=1      official_off=1100  
LEAF   L=9 idx=16    flat_off=2320    sigma= 3fe84e376c411781
LEAF   L=9 idx=17    flat_off=2321    sigma= 3fe84a832a129682
INNER  L=8 idx=9     flat_off=2057    pairs=1      official_off=1104  
LEAF   L=9 idx=18    flat_off=2322    sigma= 3fe83f07f41b2679
LEAF   L=9 idx=19    flat_off=2323    sigma= 3fe83a72d00de89d
INNER  L=7 idx=5     flat_off=1802    pairs=2      official_off=1108  
INNER  L=8 idx=10    flat_off=2058    pairs=1      official_off=1112  
LEAF   L=9 idx=20    flat_off=2324    sigma= 3fe82a6e66282780
LEAF   L=9 idx=21    flat_off=2325    sigma= 3fe8256b46d25696
INNER  L=8 idx=11    flat_off=2059    pairs=1      official_off=1116  
LEAF   L=9 idx=22    flat_off=2326    sigma= 3fe81dd93d253f15
LEAF   L=9 idx=23    flat_off=2327    sigma= 3fe8181ae85117ce
INNER  L=6 idx=3     flat_off=1548    pairs=4      official_off=1120  
INNER  L=7 idx=6     flat_off=1804    pairs=2      official_off=1128  
INNER  L=8 idx=12    flat_off=2060    pairs=1      official_off=1132  
LEAF   L=9 idx=24    flat_off=2328    sigma= 3fe8319044fdedba
LEAF   L=9 idx=25    flat_off=2329    sigma= 3fe82e5758c727b4
INNER  L=8 idx=13    flat_off=2061    pairs=1      official_off=1136  
LEAF   L=9 idx=26    flat_off=2330    sigma= 3fe8219e759a922b
LEAF   L=9 idx=27    flat_off=2331    sigma= 3fe81d5f15342249
INNER  L=7 idx=7     flat_off=1806    pairs=2      official_off=1140  
INNER  L=8 idx=14    flat_off=2062    pairs=1      official_off=1144  
LEAF   L=9 idx=28    flat_off=2332    sigma= 3fe80fdd5a09ec53
LEAF   L=9 idx=29    flat_off=2333    sigma= 3fe80b724ddf1b47
INNER  L=8 idx=15    flat_off=2063    pairs=1      official_off=1148  
LEAF   L=9 idx=30    flat_off=2334    sigma= 3fe802f2a33291e5
LEAF   L=9 idx=31    flat_off=2335    sigma= 3fe7fda3d67d9b37
INNER  L=4 idx=1     flat_off=1040    pairs=16     official_off=1152  
INNER  L=5 idx=2     flat_off=1296    pairs=8      official_off=1184  
INNER  L=6 idx=4     flat_off=1552    pairs=4      official_off=1200  
INNER  L=7 idx=8     flat_off=1808    pairs=2      official_off=1208  
INNER  L=8 idx=16    flat_off=2064    pairs=1      official_off=1212  
LEAF   L=9 idx=32    flat_off=2336    sigma= 3fe826eae6fc29ea
LEAF   L=9 idx=33    flat_off=2337    sigma= 3fe81d307aa6429a
INNER  L=8 idx=17    flat_off=2065    pairs=1      official_off=1216  
LEAF   L=9 idx=34    flat_off=2338    sigma= 3fe81bd29fb3253b
LEAF   L=9 idx=35    flat_off=2339    sigma= 3fe811bb24aab2f3
INNER  L=7 idx=9     flat_off=1810    pairs=2      official_off=1220  
INNER  L=8 idx=18    flat_off=2066    pairs=1      official_off=1224  
LEAF   L=9 idx=36    flat_off=2340    sigma= 3fe80a7abed98c22
LEAF   L=9 idx=37    flat_off=2341    sigma= 3fe800c0b4d69b31
INNER  L=8 idx=19    flat_off=2067    pairs=1      official_off=1228  
LEAF   L=9 idx=38    flat_off=2342    sigma= 3fe7ff0b5fd99d86
LEAF   L=9 idx=39    flat_off=2343    sigma= 3fe7f5396db7d0d2
INNER  L=6 idx=5     flat_off=1556    pairs=4      official_off=1232  
INNER  L=7 idx=10    flat_off=1812    pairs=2      official_off=1240  
INNER  L=8 idx=20    flat_off=2068    pairs=1      official_off=1244  
LEAF   L=9 idx=40    flat_off=2344    sigma= 3fe80e96f3142234
LEAF   L=9 idx=41    flat_off=2345    sigma= 3fe8047d77e75ed8
INNER  L=8 idx=21    flat_off=2069    pairs=1      official_off=1248  
LEAF   L=9 idx=42    flat_off=2346    sigma= 3fe8037eadc9863b
LEAF   L=9 idx=43    flat_off=2347    sigma= 3fe7f8cf58d821c1
INNER  L=7 idx=11    flat_off=1814    pairs=2      official_off=1252  
INNER  L=8 idx=22    flat_off=2070    pairs=1      official_off=1256  
LEAF   L=9 idx=44    flat_off=2348    sigma= 3fe7f410b527b812
LEAF   L=9 idx=45    flat_off=2349    sigma= 3fe7ea0c8a84ed1f
INNER  L=8 idx=23    flat_off=2071    pairs=1      official_off=1260  
LEAF   L=9 idx=46    flat_off=2350    sigma= 3fe7e8c7083c4462
LEAF   L=9 idx=47    flat_off=2351    sigma= 3fe7de739152365f
INNER  L=5 idx=3     flat_off=1304    pairs=8      official_off=1264  
INNER  L=6 idx=6     flat_off=1560    pairs=4      official_off=1280  
INNER  L=7 idx=12    flat_off=1816    pairs=2      official_off=1288  
INNER  L=8 idx=24    flat_off=2072    pairs=1      official_off=1292  
LEAF   L=9 idx=48    flat_off=2352    sigma= 3fe7c988f7cb6d52
LEAF   L=9 idx=49    flat_off=2353    sigma= 3fe7c422389cbe92
INNER  L=8 idx=25    flat_off=2073    pairs=1      official_off=1296  
LEAF   L=9 idx=50    flat_off=2354    sigma= 3fe7bedb1ace8574
LEAF   L=9 idx=51    flat_off=2355    sigma= 3fe7b8f016c8c3eb
INNER  L=7 idx=13    flat_off=1818    pairs=2      official_off=1300  
INNER  L=8 idx=26    flat_off=2074    pairs=1      official_off=1304  
LEAF   L=9 idx=52    flat_off=2356    sigma= 3fe7aeb3f222140d
LEAF   L=9 idx=53    flat_off=2357    sigma= 3fe7a8b3f17a3d5f
INNER  L=8 idx=27    flat_off=2075    pairs=1      official_off=1308  
LEAF   L=9 idx=54    flat_off=2358    sigma= 3fe7a46992a02f7b
LEAF   L=9 idx=55    flat_off=2359    sigma= 3fe79e040713953c
INNER  L=6 idx=7     flat_off=1564    pairs=4      official_off=1312  
INNER  L=7 idx=14    flat_off=1820    pairs=2      official_off=1320  
INNER  L=8 idx=28    flat_off=2076    pairs=1      official_off=1324  
LEAF   L=9 idx=56    flat_off=2360    sigma= 3fe7a960b6349e3d
LEAF   L=9 idx=57    flat_off=2361    sigma= 3fe7a476c4abf392
INNER  L=8 idx=29    flat_off=2077    pairs=1      official_off=1328  
LEAF   L=9 idx=58    flat_off=2362    sigma= 3fe79f01fe7e782a
LEAF   L=9 idx=59    flat_off=2363    sigma= 3fe799696fdfc5df
INNER  L=7 idx=15    flat_off=1822    pairs=2      official_off=1332  
INNER  L=8 idx=30    flat_off=2078    pairs=1      official_off=1336  
LEAF   L=9 idx=60    flat_off=2364    sigma= 3fe790d2a074e2e0
LEAF   L=9 idx=61    flat_off=2365    sigma= 3fe78b6c113d545a
INNER  L=8 idx=31    flat_off=2079    pairs=1      official_off=1340  
LEAF   L=9 idx=62    flat_off=2366    sigma= 3fe7870eb7c3b022
LEAF   L=9 idx=63    flat_off=2367    sigma= 3fe781152cc6f2bb
INNER  L=3 idx=1     flat_off=800     pairs=32     official_off=1344  
INNER  L=4 idx=2     flat_off=1056    pairs=16     official_off=1408  
INNER  L=5 idx=4     flat_off=1312    pairs=8      official_off=1440  
INNER  L=6 idx=8     flat_off=1568    pairs=4      official_off=1456  
INNER  L=7 idx=16    flat_off=1824    pairs=2      official_off=1464  
INNER  L=8 idx=32    flat_off=2080    pairs=1      official_off=1468  
LEAF   L=9 idx=64    flat_off=2368    sigma= 3fe6c80f1dae1377
LEAF   L=9 idx=65    flat_off=2369    sigma= 3fe6c3fb616310d1
INNER  L=8 idx=33    flat_off=2081    pairs=1      official_off=1472  
LEAF   L=9 idx=66    flat_off=2370    sigma= 3fe6b3e709bdba02
LEAF   L=9 idx=67    flat_off=2371    sigma= 3fe6ae23db26f9aa
INNER  L=7 idx=17    flat_off=1826    pairs=2      official_off=1476  
INNER  L=8 idx=34    flat_off=2082    pairs=1      official_off=1480  
LEAF   L=9 idx=68    flat_off=2372    sigma= 3fe69138e6b0c538
LEAF   L=9 idx=69    flat_off=2373    sigma= 3fe68debabb4842d
INNER  L=8 idx=35    flat_off=2083    pairs=1      official_off=1484  
LEAF   L=9 idx=70    flat_off=2374    sigma= 3fe67f955200c331
LEAF   L=9 idx=71    flat_off=2375    sigma= 3fe67af11ff2f2f6
INNER  L=6 idx=9     flat_off=1572    pairs=4      official_off=1488  
INNER  L=7 idx=18    flat_off=1828    pairs=2      official_off=1496  
INNER  L=8 idx=36    flat_off=2084    pairs=1      official_off=1500  
LEAF   L=9 idx=72    flat_off=2376    sigma= 3fe69a9cfa7888ea
LEAF   L=9 idx=73    flat_off=2377    sigma= 3fe696e7a469d8db
INNER  L=8 idx=37    flat_off=2085    pairs=1      official_off=1504  
LEAF   L=9 idx=74    flat_off=2378    sigma= 3fe6816a8e392df0
LEAF   L=9 idx=75    flat_off=2379    sigma= 3fe67b9d0469dcf6
INNER  L=7 idx=19    flat_off=1830    pairs=2      official_off=1508  
INNER  L=8 idx=38    flat_off=2086    pairs=1      official_off=1512  
LEAF   L=9 idx=76    flat_off=2380    sigma= 3fe662e6ec5d2323
LEAF   L=9 idx=77    flat_off=2381    sigma= 3fe65fcccc3baf32
INNER  L=8 idx=39    flat_off=2087    pairs=1      official_off=1516  
LEAF   L=9 idx=78    flat_off=2382    sigma= 3fe64c176818526d
LEAF   L=9 idx=79    flat_off=2383    sigma= 3fe64742b0b45721
INNER  L=5 idx=5     flat_off=1320    pairs=8      official_off=1520  
INNER  L=6 idx=10    flat_off=1576    pairs=4      official_off=1536  
INNER  L=7 idx=20    flat_off=1832    pairs=2      official_off=1544  
INNER  L=8 idx=40    flat_off=2088    pairs=1      official_off=1548  
LEAF   L=9 idx=80    flat_off=2384    sigma= 3fe682a2bb83d615
LEAF   L=9 idx=81    flat_off=2385    sigma= 3fe67fc13d67fb13
INNER  L=8 idx=41    flat_off=2089    pairs=1      official_off=1552  
LEAF   L=9 idx=82    flat_off=2386    sigma= 3fe66b6cd4959858
LEAF   L=9 idx=83    flat_off=2387    sigma= 3fe666d695d4bc0c
INNER  L=7 idx=21    flat_off=1834    pairs=2      official_off=1556  
INNER  L=8 idx=42    flat_off=2090    pairs=1      official_off=1560  
LEAF   L=9 idx=84    flat_off=2388    sigma= 3fe648e771c580bc
LEAF   L=9 idx=85    flat_off=2389    sigma= 3fe64646cb84b44f
INNER  L=8 idx=43    flat_off=2091    pairs=1      official_off=1564  
LEAF   L=9 idx=86    flat_off=2390    sigma= 3fe633a772025e9a
LEAF   L=9 idx=87    flat_off=2391    sigma= 3fe62f8bea6618ff
INNER  L=6 idx=11    flat_off=1580    pairs=4      official_off=1568  
INNER  L=7 idx=22    flat_off=1836    pairs=2      official_off=1576  
INNER  L=8 idx=44    flat_off=2092    pairs=1      official_off=1580  
LEAF   L=9 idx=88    flat_off=2392    sigma= 3fe65e6a6a66edd5
LEAF   L=9 idx=89    flat_off=2393    sigma= 3fe65bc7a7cd24d3
INNER  L=8 idx=45    flat_off=2093    pairs=1      official_off=1584  
LEAF   L=9 idx=90    flat_off=2394    sigma= 3fe64309cac5bc43
LEAF   L=9 idx=91    flat_off=2395    sigma= 3fe63e6cdc51ce78
INNER  L=7 idx=23    flat_off=1838    pairs=2      official_off=1588  
INNER  L=8 idx=46    flat_off=2094    pairs=1      official_off=1592  
LEAF   L=9 idx=92    flat_off=2396    sigma= 3fe6259943737cd5
LEAF   L=9 idx=93    flat_off=2397    sigma= 3fe6230c0ab9b252
INNER  L=8 idx=47    flat_off=2095    pairs=1      official_off=1596  
LEAF   L=9 idx=94    flat_off=2398    sigma= 3fe60c10d28d638d
LEAF   L=9 idx=95    flat_off=2399    sigma= 3fe607bff62a28d5
INNER  L=4 idx=3     flat_off=1072    pairs=16     official_off=1600  
INNER  L=5 idx=6     flat_off=1328    pairs=8      official_off=1632  
INNER  L=6 idx=12    flat_off=1584    pairs=4      official_off=1648  
INNER  L=7 idx=24    flat_off=1840    pairs=2      official_off=1656  
INNER  L=8 idx=48    flat_off=2096    pairs=1      official_off=1660  
LEAF   L=9 idx=96    flat_off=2400    sigma= 3fe62b4daa009400
LEAF   L=9 idx=97    flat_off=2401    sigma= 3fe6266ced1216fd
INNER  L=8 idx=49    flat_off=2097    pairs=1      official_off=1664  
LEAF   L=9 idx=98    flat_off=2402    sigma= 3fe61bdfe4e32b27
LEAF   L=9 idx=99    flat_off=2403    sigma= 3fe615d335bc3b1e
INNER  L=7 idx=25    flat_off=1842    pairs=2      official_off=1668  
INNER  L=8 idx=50    flat_off=2098    pairs=1      official_off=1672  
LEAF   L=9 idx=100   flat_off=2404    sigma= 3fe603bba1a5c924
LEAF   L=9 idx=101   flat_off=2405    sigma= 3fe60057058fec7e
INNER  L=8 idx=51    flat_off=2099    pairs=1      official_off=1676  
LEAF   L=9 idx=102   flat_off=2406    sigma= 3fe5f5f06c4883f7
LEAF   L=9 idx=103   flat_off=2407    sigma= 3fe5f19a317009b2
INNER  L=6 idx=13    flat_off=1588    pairs=4      official_off=1680  
INNER  L=7 idx=26    flat_off=1844    pairs=2      official_off=1688  
INNER  L=8 idx=52    flat_off=2100    pairs=1      official_off=1692  
LEAF   L=9 idx=104   flat_off=2408    sigma= 3fe5f89737030314
LEAF   L=9 idx=105   flat_off=2409    sigma= 3fe5f4d967d5107f
INNER  L=8 idx=53    flat_off=2101    pairs=1      official_off=1696  
LEAF   L=9 idx=106   flat_off=2410    sigma= 3fe5e54f7a94140d
LEAF   L=9 idx=107   flat_off=2411    sigma= 3fe5e0312b853768
INNER  L=7 idx=27    flat_off=1846    pairs=2      official_off=1700  
INNER  L=8 idx=54    flat_off=2102    pairs=1      official_off=1704  
LEAF   L=9 idx=108   flat_off=2412    sigma= 3fe5d199a2f3942a
LEAF   L=9 idx=109   flat_off=2413    sigma= 3fe5cefd45fdac08
INNER  L=8 idx=55    flat_off=2103    pairs=1      official_off=1708  
LEAF   L=9 idx=110   flat_off=2414    sigma= 3fe5c004dedde38e
LEAF   L=9 idx=111   flat_off=2415    sigma= 3fe5bc4318640152
INNER  L=5 idx=7     flat_off=1336    pairs=8      official_off=1712  
INNER  L=6 idx=14    flat_off=1592    pairs=4      official_off=1728  
INNER  L=7 idx=28    flat_off=1848    pairs=2      official_off=1736  
INNER  L=8 idx=56    flat_off=2104    pairs=1      official_off=1740  
LEAF   L=9 idx=112   flat_off=2416    sigma= 3fe5dddaead2e59e
LEAF   L=9 idx=113   flat_off=2417    sigma= 3fe5da5e4f29432b
INNER  L=8 idx=57    flat_off=2105    pairs=1      official_off=1744  
LEAF   L=9 idx=114   flat_off=2418    sigma= 3fe5ccf67f533f97
LEAF   L=9 idx=115   flat_off=2419    sigma= 3fe5c83d8bffb0fe
INNER  L=7 idx=29    flat_off=1850    pairs=2      official_off=1748  
INNER  L=8 idx=58    flat_off=2106    pairs=1      official_off=1752  
LEAF   L=9 idx=116   flat_off=2420    sigma= 3fe5b53e4b302206
LEAF   L=9 idx=117   flat_off=2421    sigma= 3fe5b2bc5c419fa7
INNER  L=8 idx=59    flat_off=2107    pairs=1      official_off=1756  
LEAF   L=9 idx=118   flat_off=2422    sigma= 3fe5a598815765c8
LEAF   L=9 idx=119   flat_off=2423    sigma= 3fe5a20cfbe9d5ab
INNER  L=6 idx=15    flat_off=1596    pairs=4      official_off=1760  
INNER  L=7 idx=30    flat_off=1852    pairs=2      official_off=1768  
INNER  L=8 idx=60    flat_off=2108    pairs=1      official_off=1772  
LEAF   L=9 idx=120   flat_off=2424    sigma= 3fe5b4598234a90c
LEAF   L=9 idx=121   flat_off=2425    sigma= 3fe5b1c5cae3729c
INNER  L=8 idx=61    flat_off=2109    pairs=1      official_off=1776  
LEAF   L=9 idx=122   flat_off=2426    sigma= 3fe5a08bc990465d
LEAF   L=9 idx=123   flat_off=2427    sigma= 3fe59ca7ea9aff84
INNER  L=7 idx=31    flat_off=1854    pairs=2      official_off=1780  
INNER  L=8 idx=62    flat_off=2110    pairs=1      official_off=1784  
LEAF   L=9 idx=124   flat_off=2428    sigma= 3fe58dd9a6c7beb3
LEAF   L=9 idx=125   flat_off=2429    sigma= 3fe58beb7ad41e14
INNER  L=8 idx=63    flat_off=2111    pairs=1      official_off=1788  
LEAF   L=9 idx=126   flat_off=2430    sigma= 3fe57b26520402d6
LEAF   L=9 idx=127   flat_off=2431    sigma= 3fe5781559b43806
INNER  L=2 idx=1     flat_off=576     pairs=64     official_off=1792  
INNER  L=3 idx=2     flat_off=832     pairs=32     official_off=1920  
INNER  L=4 idx=4     flat_off=1088    pairs=16     official_off=1984  
INNER  L=5 idx=8     flat_off=1344    pairs=8      official_off=2016  
INNER  L=6 idx=16    flat_off=1600    pairs=4      official_off=2032  
INNER  L=7 idx=32    flat_off=1856    pairs=2      official_off=2040  
INNER  L=8 idx=64    flat_off=2112    pairs=1      official_off=2044  
LEAF   L=9 idx=128   flat_off=2432    sigma= 3fe66900f89389df
LEAF   L=9 idx=129   flat_off=2433    sigma= 3fe6623cb28875ab
INNER  L=8 idx=65    flat_off=2113    pairs=1      official_off=2048  
LEAF   L=9 idx=130   flat_off=2434    sigma= 3fe649867c16d5ce
LEAF   L=9 idx=131   flat_off=2435    sigma= 3fe641affdd23619
INNER  L=7 idx=33    flat_off=1858    pairs=2      official_off=2052  
INNER  L=8 idx=66    flat_off=2114    pairs=1      official_off=2056  
LEAF   L=9 idx=132   flat_off=2436    sigma= 3fe64079455e5ff1
LEAF   L=9 idx=133   flat_off=2437    sigma= 3fe63a29e8ad7703
INNER  L=8 idx=67    flat_off=2115    pairs=1      official_off=2060  
LEAF   L=9 idx=134   flat_off=2438    sigma= 3fe61e2218e483bf
LEAF   L=9 idx=135   flat_off=2439    sigma= 3fe6176ef66e8ea8
INNER  L=6 idx=17    flat_off=1604    pairs=4      official_off=2064  
INNER  L=7 idx=34    flat_off=1860    pairs=2      official_off=2072  
INNER  L=8 idx=68    flat_off=2116    pairs=1      official_off=2076  
LEAF   L=9 idx=136   flat_off=2440    sigma= 3fe640e327a51bb5
LEAF   L=9 idx=137   flat_off=2441    sigma= 3fe63630b0ca9167
INNER  L=8 idx=69    flat_off=2117    pairs=1      official_off=2080  
LEAF   L=9 idx=138   flat_off=2442    sigma= 3fe61959413f04a4
LEAF   L=9 idx=139   flat_off=2443    sigma= 3fe60c1644a1e1d5
INNER  L=7 idx=35    flat_off=1862    pairs=2      official_off=2084  
INNER  L=8 idx=70    flat_off=2118    pairs=1      official_off=2088  
LEAF   L=9 idx=140   flat_off=2444    sigma= 3fe6183cfc5fc2e1
LEAF   L=9 idx=141   flat_off=2445    sigma= 3fe60e2999f6eb6f
INNER  L=8 idx=71    flat_off=2119    pairs=1      official_off=2092  
LEAF   L=9 idx=142   flat_off=2446    sigma= 3fe5edb3e0e3f328
LEAF   L=9 idx=143   flat_off=2447    sigma= 3fe5e1f968d88b70
INNER  L=5 idx=9     flat_off=1352    pairs=8      official_off=2096  
INNER  L=6 idx=18    flat_off=1608    pairs=4      official_off=2112  
INNER  L=7 idx=36    flat_off=1864    pairs=2      official_off=2120  
INNER  L=8 idx=72    flat_off=2120    pairs=1      official_off=2124  
LEAF   L=9 idx=144   flat_off=2448    sigma= 3fe5d61a571b02bf
LEAF   L=9 idx=145   flat_off=2449    sigma= 3fe5d2e823198fb2
INNER  L=8 idx=73    flat_off=2121    pairs=1      official_off=2128  
LEAF   L=9 idx=146   flat_off=2450    sigma= 3fe5b93f846dcf82
LEAF   L=9 idx=147   flat_off=2451    sigma= 3fe5b4bdd475ffc7
INNER  L=7 idx=37    flat_off=1866    pairs=2      official_off=2132  
INNER  L=8 idx=74    flat_off=2122    pairs=1      official_off=2136  
LEAF   L=9 idx=148   flat_off=2452    sigma= 3fe5acd445257bde
LEAF   L=9 idx=149   flat_off=2453    sigma= 3fe5a94ad0a442fe
INNER  L=8 idx=75    flat_off=2123    pairs=1      official_off=2140  
LEAF   L=9 idx=150   flat_off=2454    sigma= 3fe58d85d437f41a
LEAF   L=9 idx=151   flat_off=2455    sigma= 3fe588dc0a663852
INNER  L=6 idx=19    flat_off=1612    pairs=4      official_off=2144  
INNER  L=7 idx=38    flat_off=1868    pairs=2      official_off=2152  
INNER  L=8 idx=76    flat_off=2124    pairs=1      official_off=2156  
LEAF   L=9 idx=152   flat_off=2456    sigma= 3fe59defdaca795b
LEAF   L=9 idx=153   flat_off=2457    sigma= 3fe598086292b008
INNER  L=8 idx=77    flat_off=2125    pairs=1      official_off=2160  
LEAF   L=9 idx=154   flat_off=2458    sigma= 3fe5789256cf53fc
LEAF   L=9 idx=155   flat_off=2459    sigma= 3fe56fa41182f58c
INNER  L=7 idx=39    flat_off=1870    pairs=2      official_off=2164  
INNER  L=8 idx=78    flat_off=2126    pairs=1      official_off=2168  
LEAF   L=9 idx=156   flat_off=2460    sigma= 3fe57399e7b67476
LEAF   L=9 idx=157   flat_off=2461    sigma= 3fe56d21e064de53
INNER  L=8 idx=79    flat_off=2127    pairs=1      official_off=2172  
LEAF   L=9 idx=158   flat_off=2462    sigma= 3fe54ac49272a1ce
LEAF   L=9 idx=159   flat_off=2463    sigma= 3fe5414ca8b15630
INNER  L=4 idx=5     flat_off=1104    pairs=16     official_off=2176  
INNER  L=5 idx=10    flat_off=1360    pairs=8      official_off=2208  
INNER  L=6 idx=20    flat_off=1616    pairs=4      official_off=2224  
INNER  L=7 idx=40    flat_off=1872    pairs=2      official_off=2232  
INNER  L=8 idx=80    flat_off=2128    pairs=1      official_off=2236  
LEAF   L=9 idx=160   flat_off=2464    sigma= 3fe5aa3226bf4dfe
LEAF   L=9 idx=161   flat_off=2465    sigma= 3fe5a11914ab9a41
INNER  L=8 idx=81    flat_off=2129    pairs=1      official_off=2240  
LEAF   L=9 idx=162   flat_off=2466    sigma= 3fe5913c06b921a8
LEAF   L=9 idx=163   flat_off=2467    sigma= 3fe5881d5c0c1598
INNER  L=7 idx=41    flat_off=1874    pairs=2      official_off=2244  
INNER  L=8 idx=82    flat_off=2130    pairs=1      official_off=2248  
LEAF   L=9 idx=164   flat_off=2468    sigma= 3fe58c3adcd44dc0
LEAF   L=9 idx=165   flat_off=2469    sigma= 3fe584cf51de7eea
INNER  L=8 idx=83    flat_off=2131    pairs=1      official_off=2252  
LEAF   L=9 idx=166   flat_off=2470    sigma= 3fe56db23317f525
LEAF   L=9 idx=167   flat_off=2471    sigma= 3fe566b6941aca81
INNER  L=6 idx=21    flat_off=1620    pairs=4      official_off=2256  
INNER  L=7 idx=42    flat_off=1876    pairs=2      official_off=2264  
INNER  L=8 idx=84    flat_off=2132    pairs=1      official_off=2268  
LEAF   L=9 idx=168   flat_off=2472    sigma= 3fe576969ac7fbac
LEAF   L=9 idx=169   flat_off=2473    sigma= 3fe56776cf4c8203
INNER  L=8 idx=85    flat_off=2133    pairs=1      official_off=2272  
LEAF   L=9 idx=170   flat_off=2474    sigma= 3fe5545aa28d0470
LEAF   L=9 idx=171   flat_off=2475    sigma= 3fe543b69e60c882
INNER  L=7 idx=43    flat_off=1878    pairs=2      official_off=2276  
INNER  L=8 idx=86    flat_off=2134    pairs=1      official_off=2280  
LEAF   L=9 idx=172   flat_off=2476    sigma= 3fe55652c8cabeef
LEAF   L=9 idx=173   flat_off=2477    sigma= 3fe54911fbc91218
INNER  L=8 idx=87    flat_off=2135    pairs=1      official_off=2284  
LEAF   L=9 idx=174   flat_off=2478    sigma= 3fe52d5df553396a
LEAF   L=9 idx=175   flat_off=2479    sigma= 3fe51f2e1fdfcc5c
INNER  L=5 idx=11    flat_off=1368    pairs=8      official_off=2288  
INNER  L=6 idx=22    flat_off=1624    pairs=4      official_off=2304  
INNER  L=7 idx=44    flat_off=1880    pairs=2      official_off=2312  
INNER  L=8 idx=88    flat_off=2136    pairs=1      official_off=2316  
LEAF   L=9 idx=176   flat_off=2480    sigma= 3fe527664b548179
LEAF   L=9 idx=177   flat_off=2481    sigma= 3fe52275443e4a22
INNER  L=8 idx=89    flat_off=2137    pairs=1      official_off=2320  
LEAF   L=9 idx=178   flat_off=2482    sigma= 3fe511f1359af3c0
LEAF   L=9 idx=179   flat_off=2483    sigma= 3fe50c5a7763f269
INNER  L=7 idx=45    flat_off=1882    pairs=2      official_off=2324  
INNER  L=8 idx=90    flat_off=2138    pairs=1      official_off=2328  
LEAF   L=9 idx=180   flat_off=2484    sigma= 3fe50614ca4c4b49
LEAF   L=9 idx=181   flat_off=2485    sigma= 3fe501ea65603cff
INNER  L=8 idx=91    flat_off=2139    pairs=1      official_off=2332  
LEAF   L=9 idx=182   flat_off=2486    sigma= 3fe4eb32a1c03088
LEAF   L=9 idx=183   flat_off=2487    sigma= 3fe4e697b373ee25
INNER  L=6 idx=23    flat_off=1628    pairs=4      official_off=2336  
INNER  L=7 idx=46    flat_off=1884    pairs=2      official_off=2344  
INNER  L=8 idx=92    flat_off=2140    pairs=1      official_off=2348  
LEAF   L=9 idx=184   flat_off=2488    sigma= 3fe4eb50bbef6074
LEAF   L=9 idx=185   flat_off=2489    sigma= 3fe4e1eac78dccaf
INNER  L=8 idx=93    flat_off=2141    pairs=1      official_off=2352  
LEAF   L=9 idx=186   flat_off=2490    sigma= 3fe4cbcdd1488bc8
LEAF   L=9 idx=187   flat_off=2491    sigma= 3fe4bfd85ccfcdf9
INNER  L=7 idx=47    flat_off=1886    pairs=2      official_off=2356  
INNER  L=8 idx=94    flat_off=2142    pairs=1      official_off=2360  
LEAF   L=9 idx=188   flat_off=2492    sigma= 3fe4c5a0d686d262
LEAF   L=9 idx=189   flat_off=2493    sigma= 3fe4bcd2619807cc
INNER  L=8 idx=95    flat_off=2143    pairs=1      official_off=2364  
LEAF   L=9 idx=190   flat_off=2494    sigma= 3fe49e9d85f702ee
LEAF   L=9 idx=191   flat_off=2495    sigma= 3fe49335d30316de
INNER  L=3 idx=3     flat_off=864     pairs=32     official_off=2368  
INNER  L=4 idx=6     flat_off=1120    pairs=16     official_off=2432  
INNER  L=5 idx=12    flat_off=1376    pairs=8      official_off=2464  
INNER  L=6 idx=24    flat_off=1632    pairs=4      official_off=2480  
INNER  L=7 idx=48    flat_off=1888    pairs=2      official_off=2488  
INNER  L=8 idx=96    flat_off=2144    pairs=1      official_off=2492  
LEAF   L=9 idx=192   flat_off=2496    sigma= 3fe448ce20059fb6
LEAF   L=9 idx=193   flat_off=2497    sigma= 3fe447fb047d5b17
INNER  L=8 idx=97    flat_off=2145    pairs=1      official_off=2496  
LEAF   L=9 idx=194   flat_off=2498    sigma= 3fe43365d6d27ec8
LEAF   L=9 idx=195   flat_off=2499    sigma= 3fe432275e3a1db2
INNER  L=7 idx=49    flat_off=1890    pairs=2      official_off=2500  
INNER  L=8 idx=98    flat_off=2146    pairs=1      official_off=2504  
LEAF   L=9 idx=196   flat_off=2500    sigma= 3fe416d7799cc862
LEAF   L=9 idx=197   flat_off=2501    sigma= 3fe416b33b67c2f8
INNER  L=8 idx=99    flat_off=2147    pairs=1      official_off=2508  
LEAF   L=9 idx=198   flat_off=2502    sigma= 3fe402f3267b2a2f
LEAF   L=9 idx=199   flat_off=2503    sigma= 3fe402a1e0a94db7
INNER  L=6 idx=25    flat_off=1636    pairs=4      official_off=2512  
INNER  L=7 idx=50    flat_off=1892    pairs=2      official_off=2520  
INNER  L=8 idx=100   flat_off=2148    pairs=1      official_off=2524  
LEAF   L=9 idx=200   flat_off=2504    sigma= 3fe3fefb61e376f3
LEAF   L=9 idx=201   flat_off=2505    sigma= 3fe3fc07da77ecaa
INNER  L=8 idx=101   flat_off=2149    pairs=1      official_off=2528  
LEAF   L=9 idx=202   flat_off=2506    sigma= 3fe3ddba80681ee3
LEAF   L=9 idx=203   flat_off=2507    sigma= 3fe3d8e3069438c6
INNER  L=7 idx=51    flat_off=1894    pairs=2      official_off=2532  
INNER  L=8 idx=102   flat_off=2150    pairs=1      official_off=2536  
LEAF   L=9 idx=204   flat_off=2508    sigma= 3fe3c8ae064231fb
LEAF   L=9 idx=205   flat_off=2509    sigma= 3fe3c739217c187c
INNER  L=8 idx=103   flat_off=2151    pairs=1      official_off=2540  
LEAF   L=9 idx=206   flat_off=2510    sigma= 3fe3a7d0be7bea47
LEAF   L=9 idx=207   flat_off=2511    sigma= 3fe3a4efb330f29a
INNER  L=5 idx=13    flat_off=1384    pairs=8      official_off=2544  
INNER  L=6 idx=26    flat_off=1640    pairs=4      official_off=2560  
INNER  L=7 idx=52    flat_off=1896    pairs=2      official_off=2568  
INNER  L=8 idx=104   flat_off=2152    pairs=1      official_off=2572  
LEAF   L=9 idx=208   flat_off=2512    sigma= 3fe3e05646213d39
LEAF   L=9 idx=209   flat_off=2513    sigma= 3fe3deb83e21487f
INNER  L=8 idx=105   flat_off=2153    pairs=1      official_off=2576  
LEAF   L=9 idx=210   flat_off=2514    sigma= 3fe3cbd866c31b92
LEAF   L=9 idx=211   flat_off=2515    sigma= 3fe3c94aeedd4463
INNER  L=7 idx=53    flat_off=1898    pairs=2      official_off=2580  
INNER  L=8 idx=106   flat_off=2154    pairs=1      official_off=2584  
LEAF   L=9 idx=212   flat_off=2516    sigma= 3fe3aaea861205d5
LEAF   L=9 idx=213   flat_off=2517    sigma= 3fe3aa0a73877afd
INNER  L=8 idx=107   flat_off=2155    pairs=1      official_off=2588  
LEAF   L=9 idx=214   flat_off=2518    sigma= 3fe396bf7ec581a6
LEAF   L=9 idx=215   flat_off=2519    sigma= 3fe3952e8f685a94
INNER  L=6 idx=27    flat_off=1644    pairs=4      official_off=2592  
INNER  L=7 idx=54    flat_off=1900    pairs=2      official_off=2600  
INNER  L=8 idx=108   flat_off=2156    pairs=1      official_off=2604  
LEAF   L=9 idx=216   flat_off=2520    sigma= 3fe38be8850835dc
LEAF   L=9 idx=217   flat_off=2521    sigma= 3fe38730b6f3624b
INNER  L=8 idx=109   flat_off=2157    pairs=1      official_off=2608  
LEAF   L=9 idx=218   flat_off=2522    sigma= 3fe369e35cb1ebc1
LEAF   L=9 idx=219   flat_off=2523    sigma= 3fe361f36b4d2952
INNER  L=7 idx=55    flat_off=1902    pairs=2      official_off=2612  
INNER  L=8 idx=110   flat_off=2158    pairs=1      official_off=2616  
LEAF   L=9 idx=220   flat_off=2524    sigma= 3fe35324dfdd8a41
LEAF   L=9 idx=221   flat_off=2525    sigma= 3fe34f490e519bb7
INNER  L=8 idx=111   flat_off=2159    pairs=1      official_off=2620  
LEAF   L=9 idx=222   flat_off=2526    sigma= 3fe32e2eb909bdeb
LEAF   L=9 idx=223   flat_off=2527    sigma= 3fe32714736b50d6
INNER  L=4 idx=7     flat_off=1136    pairs=16     official_off=2624  
INNER  L=5 idx=14    flat_off=1392    pairs=8      official_off=2656  
INNER  L=6 idx=28    flat_off=1648    pairs=4      official_off=2672  
INNER  L=7 idx=56    flat_off=1904    pairs=2      official_off=2680  
INNER  L=8 idx=112   flat_off=2160    pairs=1      official_off=2684  
LEAF   L=9 idx=224   flat_off=2528    sigma= 3fe31e1a4715ada0
LEAF   L=9 idx=225   flat_off=2529    sigma= 3fe31d4d26e2d2e3
INNER  L=8 idx=113   flat_off=2161    pairs=1      official_off=2688  
LEAF   L=9 idx=226   flat_off=2530    sigma= 3fe2fd55b45db410
LEAF   L=9 idx=227   flat_off=2531    sigma= 3fe2fcff16043842
INNER  L=7 idx=57    flat_off=1906    pairs=2      official_off=2692  
INNER  L=8 idx=114   flat_off=2162    pairs=1      official_off=2696  
LEAF   L=9 idx=228   flat_off=2532    sigma= 3fe30176a52ad745
LEAF   L=9 idx=229   flat_off=2533    sigma= 3fe30155210c6993
INNER  L=8 idx=115   flat_off=2163    pairs=1      official_off=2700  
LEAF   L=9 idx=230   flat_off=2534    sigma= 3fe2e6ba39678b91
LEAF   L=9 idx=231   flat_off=2535    sigma= 3fe2e6b282f00f67
INNER  L=6 idx=29    flat_off=1652    pairs=4      official_off=2704  
INNER  L=7 idx=58    flat_off=1908    pairs=2      official_off=2712  
INNER  L=8 idx=116   flat_off=2164    pairs=1      official_off=2716  
LEAF   L=9 idx=232   flat_off=2536    sigma= 3fe2bc2b2566a9ef
LEAF   L=9 idx=233   flat_off=2537    sigma= 3fe2b668b80d276a
INNER  L=8 idx=117   flat_off=2165    pairs=1      official_off=2720  
LEAF   L=9 idx=234   flat_off=2538    sigma= 3fe28c585fc469a7
LEAF   L=9 idx=235   flat_off=2539    sigma= 3fe28633694500ea
INNER  L=7 idx=59    flat_off=1910    pairs=2      official_off=2724  
INNER  L=8 idx=118   flat_off=2166    pairs=1      official_off=2728  
LEAF   L=9 idx=236   flat_off=2540    sigma= 3fe2969f02291526
LEAF   L=9 idx=237   flat_off=2541    sigma= 3fe292d6f3f6558d
INNER  L=8 idx=119   flat_off=2167    pairs=1      official_off=2732  
LEAF   L=9 idx=238   flat_off=2542    sigma= 3fe26ae6ca71cbc5
LEAF   L=9 idx=239   flat_off=2543    sigma= 3fe2660ebb6465b6
INNER  L=5 idx=15    flat_off=1400    pairs=8      official_off=2736  
INNER  L=6 idx=30    flat_off=1656    pairs=4      official_off=2752  
INNER  L=7 idx=60    flat_off=1912    pairs=2      official_off=2760  
INNER  L=8 idx=120   flat_off=2168    pairs=1      official_off=2764  
LEAF   L=9 idx=240   flat_off=2544    sigma= 3fe274b5f136f889
LEAF   L=9 idx=241   flat_off=2545    sigma= 3fe271dcc3518a46
INNER  L=8 idx=121   flat_off=2169    pairs=1      official_off=2768  
LEAF   L=9 idx=242   flat_off=2546    sigma= 3fe24d1f34d0a318
LEAF   L=9 idx=243   flat_off=2547    sigma= 3fe24ab4b69318ff
INNER  L=7 idx=61    flat_off=1914    pairs=2      official_off=2772  
INNER  L=8 idx=122   flat_off=2170    pairs=1      official_off=2776  
LEAF   L=9 idx=244   flat_off=2548    sigma= 3fe25888eebd453f
LEAF   L=9 idx=245   flat_off=2549    sigma= 3fe256825c85df24
INNER  L=8 idx=123   flat_off=2171    pairs=1      official_off=2780  
LEAF   L=9 idx=246   flat_off=2550    sigma= 3fe2340dd2e8d4c1
LEAF   L=9 idx=247   flat_off=2551    sigma= 3fe23203784b21e8
INNER  L=6 idx=31    flat_off=1660    pairs=4      official_off=2784  
INNER  L=7 idx=62    flat_off=1916    pairs=2      official_off=2792  
INNER  L=8 idx=124   flat_off=2172    pairs=1      official_off=2796  
LEAF   L=9 idx=248   flat_off=2552    sigma= 3fe1d6e27ba5ab5f
LEAF   L=9 idx=249   flat_off=2553    sigma= 3fe1c42db9bdf776
INNER  L=8 idx=125   flat_off=2173    pairs=1      official_off=2800  
LEAF   L=9 idx=250   flat_off=2554    sigma= 3fe186218a594ed9
LEAF   L=9 idx=251   flat_off=2555    sigma= 3fe16b0623c843eb
INNER  L=7 idx=63    flat_off=1918    pairs=2      official_off=2804  
INNER  L=8 idx=126   flat_off=2174    pairs=1      official_off=2808  
LEAF   L=9 idx=252   flat_off=2556    sigma= 3fe19de35d78a5e4
LEAF   L=9 idx=253   flat_off=2557    sigma= 3fe187a9b7de1d29
INNER  L=8 idx=127   flat_off=2175    pairs=1      official_off=2812  
LEAF   L=9 idx=254   flat_off=2558    sigma= 3fe13bfdd3a3b295
LEAF   L=9 idx=255   flat_off=2559    sigma= 3fe1154095e09466
INNER  L=1 idx=1     flat_off=384     pairs=128    official_off=2816  
INNER  L=2 idx=2     flat_off=640     pairs=64     official_off=3072  
INNER  L=3 idx=4     flat_off=896     pairs=32     official_off=3200  
INNER  L=4 idx=8     flat_off=1152    pairs=16     official_off=3264  
INNER  L=5 idx=16    flat_off=1408    pairs=8      official_off=3296  
INNER  L=6 idx=32    flat_off=1664    pairs=4      official_off=3312  
INNER  L=7 idx=64    flat_off=1920    pairs=2      official_off=3320  
INNER  L=8 idx=128   flat_off=2176    pairs=1      official_off=3324  
LEAF   L=9 idx=256   flat_off=2560    sigma= 3fead13a57dafdd9
LEAF   L=9 idx=257   flat_off=2561    sigma= 3fea94f2bc540671
INNER  L=8 idx=129   flat_off=2177    pairs=1      official_off=3328  
LEAF   L=9 idx=258   flat_off=2562    sigma= 3fea2233d216d228
LEAF   L=9 idx=259   flat_off=2563    sigma= 3fea013b80b83079
INNER  L=7 idx=65    flat_off=1922    pairs=2      official_off=3332  
INNER  L=8 idx=130   flat_off=2178    pairs=1      official_off=3336  
LEAF   L=9 idx=260   flat_off=2564    sigma= 3fea4d2beda7e702
LEAF   L=9 idx=261   flat_off=2565    sigma= 3fea247cadb28ff3
INNER  L=8 idx=131   flat_off=2179    pairs=1      official_off=3340  
LEAF   L=9 idx=262   flat_off=2566    sigma= 3fe9c92fa6b6370f
LEAF   L=9 idx=263   flat_off=2567    sigma= 3fe9ae25c28d3bcb
INNER  L=6 idx=33    flat_off=1668    pairs=4      official_off=3344  
INNER  L=7 idx=66    flat_off=1924    pairs=2      official_off=3352  
INNER  L=8 idx=132   flat_off=2180    pairs=1      official_off=3356  
LEAF   L=9 idx=264   flat_off=2568    sigma= 3fe92d8817eca217
LEAF   L=9 idx=265   flat_off=2569    sigma= 3fe92ab59a1f172e
INNER  L=8 idx=133   flat_off=2181    pairs=1      official_off=3360  
LEAF   L=9 idx=266   flat_off=2570    sigma= 3fe8fb6c5cb97aaf
LEAF   L=9 idx=267   flat_off=2571    sigma= 3fe8f8aa3504f0a1
INNER  L=7 idx=67    flat_off=1926    pairs=2      official_off=3364  
INNER  L=8 idx=134   flat_off=2182    pairs=1      official_off=3368  
LEAF   L=9 idx=268   flat_off=2572    sigma= 3fe90b8b309023df
LEAF   L=9 idx=269   flat_off=2573    sigma= 3fe9083cc9b24bb2
INNER  L=8 idx=135   flat_off=2183    pairs=1      official_off=3372  
LEAF   L=9 idx=270   flat_off=2574    sigma= 3fe8d6601cc8f854
LEAF   L=9 idx=271   flat_off=2575    sigma= 3fe8d28acdfab80c
INNER  L=5 idx=17    flat_off=1416    pairs=8      official_off=3376  
INNER  L=6 idx=34    flat_off=1672    pairs=4      official_off=3392  
INNER  L=7 idx=68    flat_off=1928    pairs=2      official_off=3400  
INNER  L=8 idx=136   flat_off=2184    pairs=1      official_off=3404  
LEAF   L=9 idx=272   flat_off=2576    sigma= 3fe8e64fb97733a5
LEAF   L=9 idx=273   flat_off=2577    sigma= 3fe8dfc33a164bc6
INNER  L=8 idx=137   flat_off=2185    pairs=1      official_off=3408  
LEAF   L=9 idx=274   flat_off=2578    sigma= 3fe8aa46daa1851f
LEAF   L=9 idx=275   flat_off=2579    sigma= 3fe8a542541b3afe
INNER  L=7 idx=69    flat_off=1930    pairs=2      official_off=3412  
INNER  L=8 idx=138   flat_off=2186    pairs=1      official_off=3416  
LEAF   L=9 idx=276   flat_off=2580    sigma= 3fe8bb1b00b197c5
LEAF   L=9 idx=277   flat_off=2581    sigma= 3fe8b2e9b9d9cd9e
INNER  L=8 idx=139   flat_off=2187    pairs=1      official_off=3420  
LEAF   L=9 idx=278   flat_off=2582    sigma= 3fe87b6478752908
LEAF   L=9 idx=279   flat_off=2583    sigma= 3fe873ddc35aa412
INNER  L=6 idx=35    flat_off=1676    pairs=4      official_off=3424  
INNER  L=7 idx=70    flat_off=1932    pairs=2      official_off=3432  
INNER  L=8 idx=140   flat_off=2188    pairs=1      official_off=3436  
LEAF   L=9 idx=280   flat_off=2584    sigma= 3fe83cd8ae367c5b
LEAF   L=9 idx=281   flat_off=2585    sigma= 3fe83cceca4b6295
INNER  L=8 idx=141   flat_off=2189    pairs=1      official_off=3440  
LEAF   L=9 idx=282   flat_off=2586    sigma= 3fe81ae0c63df42e
LEAF   L=9 idx=283   flat_off=2587    sigma= 3fe81ab6440eefeb
INNER  L=7 idx=71    flat_off=1934    pairs=2      official_off=3444  
INNER  L=8 idx=142   flat_off=2190    pairs=1      official_off=3448  
LEAF   L=9 idx=284   flat_off=2588    sigma= 3fe82061f0313eb3
LEAF   L=9 idx=285   flat_off=2589    sigma= 3fe81ff3e36c2934
INNER  L=8 idx=143   flat_off=2191    pairs=1      official_off=3452  
LEAF   L=9 idx=286   flat_off=2590    sigma= 3fe7f79b5d1fe9a8
LEAF   L=9 idx=287   flat_off=2591    sigma= 3fe7f69a33f8c5d4
INNER  L=4 idx=9     flat_off=1168    pairs=16     official_off=3456  
INNER  L=5 idx=18    flat_off=1424    pairs=8      official_off=3488  
INNER  L=6 idx=36    flat_off=1680    pairs=4      official_off=3504  
INNER  L=7 idx=72    flat_off=1936    pairs=2      official_off=3512  
INNER  L=8 idx=144   flat_off=2192    pairs=1      official_off=3516  
LEAF   L=9 idx=288   flat_off=2592    sigma= 3fe7eb5eca4c2e5b
LEAF   L=9 idx=289   flat_off=2593    sigma= 3fe7e2834460893e
INNER  L=8 idx=145   flat_off=2193    pairs=1      official_off=3520  
LEAF   L=9 idx=290   flat_off=2594    sigma= 3fe7b99115ba9af6
LEAF   L=9 idx=291   flat_off=2595    sigma= 3fe7b4d459337c82
INNER  L=7 idx=73    flat_off=1938    pairs=2      official_off=3524  
INNER  L=8 idx=146   flat_off=2194    pairs=1      official_off=3528  
LEAF   L=9 idx=292   flat_off=2596    sigma= 3fe7a2b83c0bbeb4
LEAF   L=9 idx=293   flat_off=2597    sigma= 3fe7990e6489e415
INNER  L=8 idx=147   flat_off=2195    pairs=1      official_off=3532  
LEAF   L=9 idx=294   flat_off=2598    sigma= 3fe775a5b4cddd26
LEAF   L=9 idx=295   flat_off=2599    sigma= 3fe76ffc1bf34a6e
INNER  L=6 idx=37    flat_off=1684    pairs=4      official_off=3536  
INNER  L=7 idx=74    flat_off=1940    pairs=2      official_off=3544  
INNER  L=8 idx=148   flat_off=2196    pairs=1      official_off=3548  
LEAF   L=9 idx=296   flat_off=2600    sigma= 3fe764e2c235719b
LEAF   L=9 idx=297   flat_off=2601    sigma= 3fe76303f0adc9e8
INNER  L=8 idx=149   flat_off=2197    pairs=1      official_off=3552  
LEAF   L=9 idx=298   flat_off=2602    sigma= 3fe74c12027688cf
LEAF   L=9 idx=299   flat_off=2603    sigma= 3fe74b08961d7cd5
INNER  L=7 idx=75    flat_off=1942    pairs=2      official_off=3556  
INNER  L=8 idx=150   flat_off=2198    pairs=1      official_off=3560  
LEAF   L=9 idx=300   flat_off=2604    sigma= 3fe72745ef50d279
LEAF   L=9 idx=301   flat_off=2605    sigma= 3fe72449a5fd02bc
INNER  L=8 idx=151   flat_off=2199    pairs=1      official_off=3564  
LEAF   L=9 idx=302   flat_off=2606    sigma= 3fe70e4e34f32a10
LEAF   L=9 idx=303   flat_off=2607    sigma= 3fe70c6df1ad14e5
INNER  L=5 idx=19    flat_off=1432    pairs=8      official_off=3568  
INNER  L=6 idx=38    flat_off=1688    pairs=4      official_off=3584  
INNER  L=7 idx=76    flat_off=1944    pairs=2      official_off=3592  
INNER  L=8 idx=152   flat_off=2200    pairs=1      official_off=3596  
LEAF   L=9 idx=304   flat_off=2608    sigma= 3fe7521fc090d8d1
LEAF   L=9 idx=305   flat_off=2609    sigma= 3fe74eb544862ec9
INNER  L=8 idx=153   flat_off=2201    pairs=1      official_off=3600  
LEAF   L=9 idx=306   flat_off=2610    sigma= 3fe729b22624a1ec
LEAF   L=9 idx=307   flat_off=2611    sigma= 3fe727fd9141d014
INNER  L=7 idx=77    flat_off=1946    pairs=2      official_off=3604  
INNER  L=8 idx=154   flat_off=2202    pairs=1      official_off=3608  
LEAF   L=9 idx=308   flat_off=2612    sigma= 3fe71514d46ccf77
LEAF   L=9 idx=309   flat_off=2613    sigma= 3fe70f74b0719075
INNER  L=8 idx=155   flat_off=2203    pairs=1      official_off=3612  
LEAF   L=9 idx=310   flat_off=2614    sigma= 3fe6ec7d60bad65e
LEAF   L=9 idx=311   flat_off=2615    sigma= 3fe6e91b39ef89d7
INNER  L=6 idx=39    flat_off=1692    pairs=4      official_off=3616  
INNER  L=7 idx=78    flat_off=1948    pairs=2      official_off=3624  
INNER  L=8 idx=156   flat_off=2204    pairs=1      official_off=3628  
LEAF   L=9 idx=312   flat_off=2616    sigma= 3fe6e4ed4911ba78
LEAF   L=9 idx=313   flat_off=2617    sigma= 3fe6e4904e1b0008
INNER  L=8 idx=157   flat_off=2205    pairs=1      official_off=3632  
LEAF   L=9 idx=314   flat_off=2618    sigma= 3fe6ce0e7364eb86
LEAF   L=9 idx=315   flat_off=2619    sigma= 3fe6cde54ef30608
INNER  L=7 idx=79    flat_off=1950    pairs=2      official_off=3636  
INNER  L=8 idx=158   flat_off=2206    pairs=1      official_off=3640  
LEAF   L=9 idx=316   flat_off=2620    sigma= 3fe6af0e63d376bf
LEAF   L=9 idx=317   flat_off=2621    sigma= 3fe6ada8c5e4013b
INNER  L=8 idx=159   flat_off=2207    pairs=1      official_off=3644  
LEAF   L=9 idx=318   flat_off=2622    sigma= 3fe696a4ca92cb12
LEAF   L=9 idx=319   flat_off=2623    sigma= 3fe695b9b45cfe04
INNER  L=3 idx=5     flat_off=928     pairs=32     official_off=3648  
INNER  L=4 idx=10    flat_off=1184    pairs=16     official_off=3712  
INNER  L=5 idx=20    flat_off=1440    pairs=8      official_off=3744  
INNER  L=6 idx=40    flat_off=1696    pairs=4      official_off=3760  
INNER  L=7 idx=80    flat_off=1952    pairs=2      official_off=3768  
INNER  L=8 idx=160   flat_off=2208    pairs=1      official_off=3772  
LEAF   L=9 idx=320   flat_off=2624    sigma= 3fe6440d60113d00
LEAF   L=9 idx=321   flat_off=2625    sigma= 3fe637bc925cf61b
INNER  L=8 idx=161   flat_off=2209    pairs=1      official_off=3776  
LEAF   L=9 idx=322   flat_off=2626    sigma= 3fe6175fc8d488e8
LEAF   L=9 idx=323   flat_off=2627    sigma= 3fe60e02232583a6
INNER  L=7 idx=81    flat_off=1954    pairs=2      official_off=3780  
INNER  L=8 idx=162   flat_off=2210    pairs=1      official_off=3784  
LEAF   L=9 idx=324   flat_off=2628    sigma= 3fe61427bf80b856
LEAF   L=9 idx=325   flat_off=2629    sigma= 3fe60775797ea19d
INNER  L=8 idx=163   flat_off=2211    pairs=1      official_off=3788  
LEAF   L=9 idx=326   flat_off=2630    sigma= 3fe5f021abfe6d8b
LEAF   L=9 idx=327   flat_off=2631    sigma= 3fe5e6468aae1f0c
INNER  L=6 idx=41    flat_off=1700    pairs=4      official_off=3792  
INNER  L=7 idx=82    flat_off=1956    pairs=2      official_off=3800  
INNER  L=8 idx=164   flat_off=2212    pairs=1      official_off=3804  
LEAF   L=9 idx=328   flat_off=2632    sigma= 3fe5eb395980051a
LEAF   L=9 idx=329   flat_off=2633    sigma= 3fe5e6660e2affe2
INNER  L=8 idx=165   flat_off=2213    pairs=1      official_off=3808  
LEAF   L=9 idx=330   flat_off=2634    sigma= 3fe5ceb734b97f68
LEAF   L=9 idx=331   flat_off=2635    sigma= 3fe5ca650ef63312
INNER  L=7 idx=83    flat_off=1958    pairs=2      official_off=3812  
INNER  L=8 idx=166   flat_off=2214    pairs=1      official_off=3816  
LEAF   L=9 idx=332   flat_off=2636    sigma= 3fe5c3e6c07910f7
LEAF   L=9 idx=333   flat_off=2637    sigma= 3fe5be20ce1f04cc
INNER  L=8 idx=167   flat_off=2215    pairs=1      official_off=3820  
LEAF   L=9 idx=334   flat_off=2638    sigma= 3fe5ad231918630d
LEAF   L=9 idx=335   flat_off=2639    sigma= 3fe5a812d45a2978
INNER  L=5 idx=21    flat_off=1448    pairs=8      official_off=3824  
INNER  L=6 idx=42    flat_off=1704    pairs=4      official_off=3840  
INNER  L=7 idx=84    flat_off=1960    pairs=2      official_off=3848  
INNER  L=8 idx=168   flat_off=2216    pairs=1      official_off=3852  
LEAF   L=9 idx=336   flat_off=2640    sigma= 3fe5b080453b6334
LEAF   L=9 idx=337   flat_off=2641    sigma= 3fe5a1f896a8467a
INNER  L=8 idx=169   flat_off=2217    pairs=1      official_off=3856  
LEAF   L=9 idx=338   flat_off=2642    sigma= 3fe585d0db9ee8d9
LEAF   L=9 idx=339   flat_off=2643    sigma= 3fe578728ee59d50
INNER  L=7 idx=85    flat_off=1962    pairs=2      official_off=3860  
INNER  L=8 idx=170   flat_off=2218    pairs=1      official_off=3864  
LEAF   L=9 idx=340   flat_off=2644    sigma= 3fe58b3ce007dffb
LEAF   L=9 idx=341   flat_off=2645    sigma= 3fe57a6e0a4063e4
INNER  L=8 idx=171   flat_off=2219    pairs=1      official_off=3868  
LEAF   L=9 idx=342   flat_off=2646    sigma= 3fe56740eea838af
LEAF   L=9 idx=343   flat_off=2647    sigma= 3fe5582bf16c6d5b
INNER  L=6 idx=43    flat_off=1708    pairs=4      official_off=3872  
INNER  L=7 idx=86    flat_off=1964    pairs=2      official_off=3880  
INNER  L=8 idx=172   flat_off=2220    pairs=1      official_off=3884  
LEAF   L=9 idx=344   flat_off=2648    sigma= 3fe568012eb4aaa0
LEAF   L=9 idx=345   flat_off=2649    sigma= 3fe561076a83a599
INNER  L=8 idx=173   flat_off=2221    pairs=1      official_off=3888  
LEAF   L=9 idx=346   flat_off=2650    sigma= 3fe54a10ba91f5df
LEAF   L=9 idx=347   flat_off=2651    sigma= 3fe542bbf8587371
INNER  L=7 idx=87    flat_off=1966    pairs=2      official_off=3892  
INNER  L=8 idx=174   flat_off=2222    pairs=1      official_off=3896  
LEAF   L=9 idx=348   flat_off=2652    sigma= 3fe546cc367b4b7b
LEAF   L=9 idx=349   flat_off=2653    sigma= 3fe53dcd0599a7c8
INNER  L=8 idx=175   flat_off=2223    pairs=1      official_off=3900  
LEAF   L=9 idx=350   flat_off=2654    sigma= 3fe52e38cb65f77c
LEAF   L=9 idx=351   flat_off=2655    sigma= 3fe52553c91d012e
INNER  L=4 idx=11    flat_off=1200    pairs=16     official_off=3904  
INNER  L=5 idx=22    flat_off=1456    pairs=8      official_off=3936  
INNER  L=6 idx=44    flat_off=1712    pairs=4      official_off=3952  
INNER  L=7 idx=88    flat_off=1968    pairs=2      official_off=3960  
INNER  L=8 idx=176   flat_off=2224    pairs=1      official_off=3964  
LEAF   L=9 idx=352   flat_off=2656    sigma= 3fe58daf3b5d0b02
LEAF   L=9 idx=353   flat_off=2657    sigma= 3fe584198fbd8066
INNER  L=8 idx=177   flat_off=2225    pairs=1      official_off=3968  
LEAF   L=9 idx=354   flat_off=2658    sigma= 3fe561976bb0282c
LEAF   L=9 idx=355   flat_off=2659    sigma= 3fe55b24d2b1024b
INNER  L=7 idx=89    flat_off=1970    pairs=2      official_off=3972  
INNER  L=8 idx=178   flat_off=2226    pairs=1      official_off=3976  
LEAF   L=9 idx=356   flat_off=2660    sigma= 3fe55f16df77fe73
LEAF   L=9 idx=357   flat_off=2661    sigma= 3fe556333392966c
INNER  L=8 idx=179   flat_off=2227    pairs=1      official_off=3980  
LEAF   L=9 idx=358   flat_off=2662    sigma= 3fe5371d11fd7bbc
LEAF   L=9 idx=359   flat_off=2663    sigma= 3fe53151af3eb432
INNER  L=6 idx=45    flat_off=1716    pairs=4      official_off=3984  
INNER  L=7 idx=90    flat_off=1972    pairs=2      official_off=3992  
INNER  L=8 idx=180   flat_off=2228    pairs=1      official_off=3996  
LEAF   L=9 idx=360   flat_off=2664    sigma= 3fe5460fd115334e
LEAF   L=9 idx=361   flat_off=2665    sigma= 3fe541757d69af37
INNER  L=8 idx=181   flat_off=2229    pairs=1      official_off=4000  
LEAF   L=9 idx=362   flat_off=2666    sigma= 3fe526359ddf22be
LEAF   L=9 idx=363   flat_off=2667    sigma= 3fe522c220f7065d
INNER  L=7 idx=91    flat_off=1974    pairs=2      official_off=4004  
INNER  L=8 idx=182   flat_off=2230    pairs=1      official_off=4008  
LEAF   L=9 idx=364   flat_off=2668    sigma= 3fe51b0dc87e4571
LEAF   L=9 idx=365   flat_off=2669    sigma= 3fe516ace9d3c1b0
INNER  L=8 idx=183   flat_off=2231    pairs=1      official_off=4012  
LEAF   L=9 idx=366   flat_off=2670    sigma= 3fe4fde199ae8054
LEAF   L=9 idx=367   flat_off=2671    sigma= 3fe4facf0b74d54c
INNER  L=5 idx=23    flat_off=1464    pairs=8      official_off=4016  
INNER  L=6 idx=46    flat_off=1720    pairs=4      official_off=4032  
INNER  L=7 idx=92    flat_off=1976    pairs=2      official_off=4040  
INNER  L=8 idx=184   flat_off=2232    pairs=1      official_off=4044  
LEAF   L=9 idx=368   flat_off=2672    sigma= 3fe4ef6d61f5e8cb
LEAF   L=9 idx=369   flat_off=2673    sigma= 3fe4e43ae979d5fe
INNER  L=8 idx=185   flat_off=2233    pairs=1      official_off=4048  
LEAF   L=9 idx=370   flat_off=2674    sigma= 3fe4c57bab902580
LEAF   L=9 idx=371   flat_off=2675    sigma= 3fe4bc02c437733b
INNER  L=7 idx=93    flat_off=1978    pairs=2      official_off=4052  
INNER  L=8 idx=186   flat_off=2234    pairs=1      official_off=4056  
LEAF   L=9 idx=372   flat_off=2676    sigma= 3fe4c77041cf0504
LEAF   L=9 idx=373   flat_off=2677    sigma= 3fe4baf80d06727e
INNER  L=8 idx=187   flat_off=2235    pairs=1      official_off=4060  
LEAF   L=9 idx=374   flat_off=2678    sigma= 3fe4a00d07495814
LEAF   L=9 idx=375   flat_off=2679    sigma= 3fe49622ef704d7e
INNER  L=6 idx=47    flat_off=1724    pairs=4      official_off=4064  
INNER  L=7 idx=94    flat_off=1980    pairs=2      official_off=4072  
INNER  L=8 idx=188   flat_off=2236    pairs=1      official_off=4076  
LEAF   L=9 idx=376   flat_off=2680    sigma= 3fe4bcc422224b69
LEAF   L=9 idx=377   flat_off=2681    sigma= 3fe4b67c09cab457
INNER  L=8 idx=189   flat_off=2237    pairs=1      official_off=4080  
LEAF   L=9 idx=378   flat_off=2682    sigma= 3fe49c5d20093ff6
LEAF   L=9 idx=379   flat_off=2683    sigma= 3fe49684e504c73b
INNER  L=7 idx=95    flat_off=1982    pairs=2      official_off=4084  
INNER  L=8 idx=190   flat_off=2238    pairs=1      official_off=4088  
LEAF   L=9 idx=380   flat_off=2684    sigma= 3fe495657830fb35
LEAF   L=9 idx=381   flat_off=2685    sigma= 3fe48e285a245049
INNER  L=8 idx=191   flat_off=2239    pairs=1      official_off=4092  
LEAF   L=9 idx=382   flat_off=2686    sigma= 3fe47776e6d6700f
LEAF   L=9 idx=383   flat_off=2687    sigma= 3fe47148dbdc5596
INNER  L=2 idx=3     flat_off=704     pairs=64     official_off=4096  
INNER  L=3 idx=6     flat_off=960     pairs=32     official_off=4224  
INNER  L=4 idx=12    flat_off=1216    pairs=16     official_off=4288  
INNER  L=5 idx=24    flat_off=1472    pairs=8      official_off=4320  
INNER  L=6 idx=48    flat_off=1728    pairs=4      official_off=4336  
INNER  L=7 idx=96    flat_off=1984    pairs=2      official_off=4344  
INNER  L=8 idx=192   flat_off=2240    pairs=1      official_off=4348  
LEAF   L=9 idx=384   flat_off=2688    sigma= 3fe556af6b6a8638
LEAF   L=9 idx=385   flat_off=2689    sigma= 3fe553a3a79ab90a
INNER  L=8 idx=193   flat_off=2241    pairs=1      official_off=4352  
LEAF   L=9 idx=386   flat_off=2690    sigma= 3fe5430a4cb66d49
LEAF   L=9 idx=387   flat_off=2691    sigma= 3fe54122d3ee898e
INNER  L=7 idx=97    flat_off=1986    pairs=2      official_off=4356  
INNER  L=8 idx=194   flat_off=2242    pairs=1      official_off=4360  
LEAF   L=9 idx=388   flat_off=2692    sigma= 3fe5329342b527d3
LEAF   L=9 idx=389   flat_off=2693    sigma= 3fe52ec32b9b877a
INNER  L=8 idx=195   flat_off=2243    pairs=1      official_off=4364  
LEAF   L=9 idx=390   flat_off=2694    sigma= 3fe51df131d1a792
LEAF   L=9 idx=391   flat_off=2695    sigma= 3fe51b6f563168e9
INNER  L=6 idx=49    flat_off=1732    pairs=4      official_off=4368  
INNER  L=7 idx=98    flat_off=1988    pairs=2      official_off=4376  
INNER  L=8 idx=196   flat_off=2244    pairs=1      official_off=4380  
LEAF   L=9 idx=392   flat_off=2696    sigma= 3fe52d49fe13f856
LEAF   L=9 idx=393   flat_off=2697    sigma= 3fe529d22c60dc03
INNER  L=8 idx=197   flat_off=2245    pairs=1      official_off=4384  
LEAF   L=9 idx=394   flat_off=2698    sigma= 3fe51d013b455138
LEAF   L=9 idx=395   flat_off=2699    sigma= 3fe51a90e23b1325
INNER  L=7 idx=99    flat_off=1990    pairs=2      official_off=4388  
INNER  L=8 idx=198   flat_off=2246    pairs=1      official_off=4392  
LEAF   L=9 idx=396   flat_off=2700    sigma= 3fe5082919451108
LEAF   L=9 idx=397   flat_off=2701    sigma= 3fe5039ac79536cf
INNER  L=8 idx=199   flat_off=2247    pairs=1      official_off=4396  
LEAF   L=9 idx=398   flat_off=2702    sigma= 3fe4f6b6b66a086b
LEAF   L=9 idx=399   flat_off=2703    sigma= 3fe4f35ef613c91f
INNER  L=5 idx=25    flat_off=1480    pairs=8      official_off=4400  
INNER  L=6 idx=50    flat_off=1736    pairs=4      official_off=4416  
INNER  L=7 idx=100   flat_off=1992    pairs=2      official_off=4424  
INNER  L=8 idx=200   flat_off=2248    pairs=1      official_off=4428  
LEAF   L=9 idx=400   flat_off=2704    sigma= 3fe513c04bf914ce
LEAF   L=9 idx=401   flat_off=2705    sigma= 3fe5101c47143c00
INNER  L=8 idx=201   flat_off=2249    pairs=1      official_off=4432  
LEAF   L=9 idx=402   flat_off=2706    sigma= 3fe501a6e6fab240
LEAF   L=9 idx=403   flat_off=2707    sigma= 3fe4ff236bfe661a
INNER  L=7 idx=101   flat_off=1994    pairs=2      official_off=4436  
INNER  L=8 idx=202   flat_off=2250    pairs=1      official_off=4440  
LEAF   L=9 idx=404   flat_off=2708    sigma= 3fe4f12201e8577c
LEAF   L=9 idx=405   flat_off=2709    sigma= 3fe4ec3cc730f2ed
INNER  L=8 idx=203   flat_off=2251    pairs=1      official_off=4444  
LEAF   L=9 idx=406   flat_off=2710    sigma= 3fe4dd6e1e9a71b8
LEAF   L=9 idx=407   flat_off=2711    sigma= 3fe4d9e0879015a6
INNER  L=6 idx=51    flat_off=1740    pairs=4      official_off=4448  
INNER  L=7 idx=102   flat_off=1996    pairs=2      official_off=4456  
INNER  L=8 idx=204   flat_off=2252    pairs=1      official_off=4460  
LEAF   L=9 idx=408   flat_off=2712    sigma= 3fe4e08477cfd285
LEAF   L=9 idx=409   flat_off=2713    sigma= 3fe4dc65061acad2
INNER  L=8 idx=205   flat_off=2253    pairs=1      official_off=4464  
LEAF   L=9 idx=410   flat_off=2714    sigma= 3fe4d2887005435c
LEAF   L=9 idx=411   flat_off=2715    sigma= 3fe4cf52ddf03270
INNER  L=7 idx=103   flat_off=1998    pairs=2      official_off=4468  
INNER  L=8 idx=206   flat_off=2254    pairs=1      official_off=4472  
LEAF   L=9 idx=412   flat_off=2716    sigma= 3fe4be46c1a07969
LEAF   L=9 idx=413   flat_off=2717    sigma= 3fe4b899bb251b19
INNER  L=8 idx=207   flat_off=2255    pairs=1      official_off=4476  
LEAF   L=9 idx=414   flat_off=2718    sigma= 3fe4aebaf47754d8
LEAF   L=9 idx=415   flat_off=2719    sigma= 3fe4aa2df459c98b
INNER  L=4 idx=13    flat_off=1232    pairs=16     official_off=4480  
INNER  L=5 idx=26    flat_off=1488    pairs=8      official_off=4512  
INNER  L=6 idx=52    flat_off=1744    pairs=4      official_off=4528  
INNER  L=7 idx=104   flat_off=2000    pairs=2      official_off=4536  
INNER  L=8 idx=208   flat_off=2256    pairs=1      official_off=4540  
LEAF   L=9 idx=416   flat_off=2720    sigma= 3fe4cb8780dd3d12
LEAF   L=9 idx=417   flat_off=2721    sigma= 3fe4c77563b4bf19
INNER  L=8 idx=209   flat_off=2257    pairs=1      official_off=4544  
LEAF   L=9 idx=418   flat_off=2722    sigma= 3fe4b1e304794e56
LEAF   L=9 idx=419   flat_off=2723    sigma= 3fe4af809f628338
INNER  L=7 idx=105   flat_off=2002    pairs=2      official_off=4548  
INNER  L=8 idx=210   flat_off=2258    pairs=1      official_off=4552  
LEAF   L=9 idx=420   flat_off=2724    sigma= 3fe4986a444277f5
LEAF   L=9 idx=421   flat_off=2725    sigma= 3fe49425bd009eb8
INNER  L=8 idx=211   flat_off=2259    pairs=1      official_off=4556  
LEAF   L=9 idx=422   flat_off=2726    sigma= 3fe47d60127689f6
LEAF   L=9 idx=423   flat_off=2727    sigma= 3fe47af5fe8d8ce9
INNER  L=6 idx=53    flat_off=1748    pairs=4      official_off=4560  
INNER  L=7 idx=106   flat_off=2004    pairs=2      official_off=4568  
INNER  L=8 idx=212   flat_off=2260    pairs=1      official_off=4572  
LEAF   L=9 idx=424   flat_off=2728    sigma= 3fe4a63a2c093286
LEAF   L=9 idx=425   flat_off=2729    sigma= 3fe4a2682b85d1c5
INNER  L=8 idx=213   flat_off=2261    pairs=1      official_off=4576  
LEAF   L=9 idx=426   flat_off=2730    sigma= 3fe49127d97a4be5
LEAF   L=9 idx=427   flat_off=2731    sigma= 3fe48ebb0cb370cd
INNER  L=7 idx=107   flat_off=2006    pairs=2      official_off=4580  
INNER  L=8 idx=214   flat_off=2262    pairs=1      official_off=4584  
LEAF   L=9 idx=428   flat_off=2732    sigma= 3fe47342c26c10e4
LEAF   L=9 idx=429   flat_off=2733    sigma= 3fe46f13a9a8c78e
INNER  L=8 idx=215   flat_off=2263    pairs=1      official_off=4588  
LEAF   L=9 idx=430   flat_off=2734    sigma= 3fe45c9cf504d87d
LEAF   L=9 idx=431   flat_off=2735    sigma= 3fe45a01db004823
INNER  L=5 idx=27    flat_off=1496    pairs=8      official_off=4592  
INNER  L=6 idx=54    flat_off=1752    pairs=4      official_off=4608  
INNER  L=7 idx=108   flat_off=2008    pairs=2      official_off=4616  
INNER  L=8 idx=216   flat_off=2264    pairs=1      official_off=4620  
LEAF   L=9 idx=432   flat_off=2736    sigma= 3fe4903f4dd25d38
LEAF   L=9 idx=433   flat_off=2737    sigma= 3fe48bcac0413600
INNER  L=8 idx=217   flat_off=2265    pairs=1      official_off=4624  
LEAF   L=9 idx=434   flat_off=2738    sigma= 3fe479b19c0556cc
LEAF   L=9 idx=435   flat_off=2739    sigma= 3fe476db45e716dc
INNER  L=7 idx=109   flat_off=2010    pairs=2      official_off=4628  
INNER  L=8 idx=218   flat_off=2266    pairs=1      official_off=4632  
LEAF   L=9 idx=436   flat_off=2740    sigma= 3fe4605d27cb2084
LEAF   L=9 idx=437   flat_off=2741    sigma= 3fe45b1c27a208af
INNER  L=8 idx=219   flat_off=2267    pairs=1      official_off=4636  
LEAF   L=9 idx=438   flat_off=2742    sigma= 3fe447beff6c073d
LEAF   L=9 idx=439   flat_off=2743    sigma= 3fe4446b40fdf82f
INNER  L=6 idx=55    flat_off=1756    pairs=4      official_off=4640  
INNER  L=7 idx=110   flat_off=2012    pairs=2      official_off=4648  
INNER  L=8 idx=220   flat_off=2268    pairs=1      official_off=4652  
LEAF   L=9 idx=440   flat_off=2744    sigma= 3fe460f8f6162e26
LEAF   L=9 idx=441   flat_off=2745    sigma= 3fe45cc4b4ab9221
INNER  L=8 idx=221   flat_off=2269    pairs=1      official_off=4656  
LEAF   L=9 idx=442   flat_off=2746    sigma= 3fe44fd3112c08ab
LEAF   L=9 idx=443   flat_off=2747    sigma= 3fe44cda4fef0a17
INNER  L=7 idx=111   flat_off=2014    pairs=2      official_off=4660  
INNER  L=8 idx=222   flat_off=2270    pairs=1      official_off=4664  
LEAF   L=9 idx=444   flat_off=2748    sigma= 3fe432f8363c11a7
LEAF   L=9 idx=445   flat_off=2749    sigma= 3fe42dd7b6458d96
INNER  L=8 idx=223   flat_off=2271    pairs=1      official_off=4668  
LEAF   L=9 idx=446   flat_off=2750    sigma= 3fe41f970b049a92
LEAF   L=9 idx=447   flat_off=2751    sigma= 3fe41bfd167919c0
INNER  L=3 idx=7     flat_off=992     pairs=32     official_off=4672  
INNER  L=4 idx=14    flat_off=1248    pairs=16     official_off=4736  
INNER  L=5 idx=28    flat_off=1504    pairs=8      official_off=4768  
INNER  L=6 idx=56    flat_off=1760    pairs=4      official_off=4784  
INNER  L=7 idx=112   flat_off=2016    pairs=2      official_off=4792  
INNER  L=8 idx=224   flat_off=2272    pairs=1      official_off=4796  
LEAF   L=9 idx=448   flat_off=2752    sigma= 3fe37db07a35bfbe
LEAF   L=9 idx=449   flat_off=2753    sigma= 3fe378bd5b2c9d30
INNER  L=8 idx=225   flat_off=2273    pairs=1      official_off=4800  
LEAF   L=9 idx=450   flat_off=2754    sigma= 3fe375214bf3e2ad
LEAF   L=9 idx=451   flat_off=2755    sigma= 3fe370abc1b77646
INNER  L=7 idx=113   flat_off=2018    pairs=2      official_off=4804  
INNER  L=8 idx=226   flat_off=2274    pairs=1      official_off=4808  
LEAF   L=9 idx=452   flat_off=2756    sigma= 3fe369987738b755
LEAF   L=9 idx=453   flat_off=2757    sigma= 3fe364ff26baf636
INNER  L=8 idx=227   flat_off=2275    pairs=1      official_off=4812  
LEAF   L=9 idx=454   flat_off=2758    sigma= 3fe360855726348a
LEAF   L=9 idx=455   flat_off=2759    sigma= 3fe35c7f2ec102a9
INNER  L=6 idx=57    flat_off=1764    pairs=4      official_off=4816  
INNER  L=7 idx=114   flat_off=2020    pairs=2      official_off=4824  
INNER  L=8 idx=228   flat_off=2276    pairs=1      official_off=4828  
LEAF   L=9 idx=456   flat_off=2760    sigma= 3fe365cfb57bb905
LEAF   L=9 idx=457   flat_off=2761    sigma= 3fe3609027c6826f
INNER  L=8 idx=229   flat_off=2277    pairs=1      official_off=4832  
LEAF   L=9 idx=458   flat_off=2762    sigma= 3fe35d0c914a24ba
LEAF   L=9 idx=459   flat_off=2763    sigma= 3fe35824af787928
INNER  L=7 idx=115   flat_off=2022    pairs=2      official_off=4836  
INNER  L=8 idx=230   flat_off=2278    pairs=1      official_off=4840  
LEAF   L=9 idx=460   flat_off=2764    sigma= 3fe34fcc1ab32b56
LEAF   L=9 idx=461   flat_off=2765    sigma= 3fe34afbf9d8b00c
INNER  L=8 idx=231   flat_off=2279    pairs=1      official_off=4844  
LEAF   L=9 idx=462   flat_off=2766    sigma= 3fe346b32a4fe90d
LEAF   L=9 idx=463   flat_off=2767    sigma= 3fe34252a56a686e
INNER  L=5 idx=29    flat_off=1512    pairs=8      official_off=4848  
INNER  L=6 idx=58    flat_off=1768    pairs=4      official_off=4864  
INNER  L=7 idx=116   flat_off=2024    pairs=2      official_off=4872  
INNER  L=8 idx=232   flat_off=2280    pairs=1      official_off=4876  
LEAF   L=9 idx=464   flat_off=2768    sigma= 3fe3317231fdf5c2
LEAF   L=9 idx=465   flat_off=2769    sigma= 3fe329282859aec8
INNER  L=8 idx=233   flat_off=2281    pairs=1      official_off=4880  
LEAF   L=9 idx=466   flat_off=2770    sigma= 3fe3282359cbe1ea
LEAF   L=9 idx=467   flat_off=2771    sigma= 3fe32020a69260e2
INNER  L=7 idx=117   flat_off=2026    pairs=2      official_off=4884  
INNER  L=8 idx=234   flat_off=2282    pairs=1      official_off=4888  
LEAF   L=9 idx=468   flat_off=2772    sigma= 3fe31c57935b3af4
LEAF   L=9 idx=469   flat_off=2773    sigma= 3fe313d6b98e71ed
INNER  L=8 idx=235   flat_off=2283    pairs=1      official_off=4892  
LEAF   L=9 idx=470   flat_off=2774    sigma= 3fe3130c5776f349
LEAF   L=9 idx=471   flat_off=2775    sigma= 3fe30b0a5ac6b61e
INNER  L=6 idx=59    flat_off=1772    pairs=4      official_off=4896  
INNER  L=7 idx=118   flat_off=2028    pairs=2      official_off=4904  
INNER  L=8 idx=236   flat_off=2284    pairs=1      official_off=4908  
LEAF   L=9 idx=472   flat_off=2776    sigma= 3fe31f33c791cd46
LEAF   L=9 idx=473   flat_off=2777    sigma= 3fe317607e6b8a74
INNER  L=8 idx=237   flat_off=2285    pairs=1      official_off=4912  
LEAF   L=9 idx=474   flat_off=2778    sigma= 3fe31604a6bc7609
LEAF   L=9 idx=475   flat_off=2779    sigma= 3fe30e4bd1902b1b
INNER  L=7 idx=119   flat_off=2030    pairs=2      official_off=4916  
INNER  L=8 idx=238   flat_off=2286    pairs=1      official_off=4920  
LEAF   L=9 idx=476   flat_off=2780    sigma= 3fe3088e17a40d2c
LEAF   L=9 idx=477   flat_off=2781    sigma= 3fe3009679d206eb
INNER  L=8 idx=239   flat_off=2287    pairs=1      official_off=4924  
LEAF   L=9 idx=478   flat_off=2782    sigma= 3fe2ff82c88dc7fc
LEAF   L=9 idx=479   flat_off=2783    sigma= 3fe2f7dbce280467
INNER  L=4 idx=15    flat_off=1264    pairs=16     official_off=4928  
INNER  L=5 idx=30    flat_off=1520    pairs=8      official_off=4960  
INNER  L=6 idx=60    flat_off=1776    pairs=4      official_off=4976  
INNER  L=7 idx=120   flat_off=2032    pairs=2      official_off=4984  
INNER  L=8 idx=240   flat_off=2288    pairs=1      official_off=4988  
LEAF   L=9 idx=480   flat_off=2784    sigma= 3fe3187e9ad549a7
LEAF   L=9 idx=481   flat_off=2785    sigma= 3fe31445fd5e1257
INNER  L=8 idx=241   flat_off=2289    pairs=1      official_off=4992  
LEAF   L=9 idx=482   flat_off=2786    sigma= 3fe30d879fc7804e
LEAF   L=9 idx=483   flat_off=2787    sigma= 3fe30a08088a019c
INNER  L=7 idx=121   flat_off=2034    pairs=2      official_off=4996  
INNER  L=8 idx=242   flat_off=2290    pairs=1      official_off=5000  
LEAF   L=9 idx=484   flat_off=2788    sigma= 3fe2ff5e116a0817
LEAF   L=9 idx=485   flat_off=2789    sigma= 3fe2fc06063a5dd2
INNER  L=8 idx=243   flat_off=2291    pairs=1      official_off=5004  
LEAF   L=9 idx=486   flat_off=2790    sigma= 3fe2f2090c8e9855
LEAF   L=9 idx=487   flat_off=2791    sigma= 3fe2ef831240279c
INNER  L=6 idx=61    flat_off=1780    pairs=4      official_off=5008  
INNER  L=7 idx=122   flat_off=2036    pairs=2      official_off=5016  
INNER  L=8 idx=244   flat_off=2292    pairs=1      official_off=5020  
LEAF   L=9 idx=488   flat_off=2792    sigma= 3fe30385106e9e6b
LEAF   L=9 idx=489   flat_off=2793    sigma= 3fe2fefdd75b2f9c
INNER  L=8 idx=245   flat_off=2293    pairs=1      official_off=5024  
LEAF   L=9 idx=490   flat_off=2794    sigma= 3fe2f9092a4ac71d
LEAF   L=9 idx=491   flat_off=2795    sigma= 3fe2f519c585a0cd
INNER  L=7 idx=123   flat_off=2038    pairs=2      official_off=5028  
INNER  L=8 idx=246   flat_off=2294    pairs=1      official_off=5032  
LEAF   L=9 idx=492   flat_off=2796    sigma= 3fe2e89168038bd4
LEAF   L=9 idx=493   flat_off=2797    sigma= 3fe2e4fe8795d761
INNER  L=8 idx=247   flat_off=2295    pairs=1      official_off=5036  
LEAF   L=9 idx=494   flat_off=2798    sigma= 3fe2dc104cdbcd77
LEAF   L=9 idx=495   flat_off=2799    sigma= 3fe2d930824bb4f0
INNER  L=5 idx=31    flat_off=1528    pairs=8      official_off=5040  
INNER  L=6 idx=62    flat_off=1784    pairs=4      official_off=5056  
INNER  L=7 idx=124   flat_off=2040    pairs=2      official_off=5064  
INNER  L=8 idx=248   flat_off=2296    pairs=1      official_off=5068  
LEAF   L=9 idx=496   flat_off=2800    sigma= 3fe2cd55169ffdf3
LEAF   L=9 idx=497   flat_off=2801    sigma= 3fe2c5a213420aa8
INNER  L=8 idx=249   flat_off=2297    pairs=1      official_off=5072  
LEAF   L=9 idx=498   flat_off=2802    sigma= 3fe2c1b16d57245c
LEAF   L=9 idx=499   flat_off=2803    sigma= 3fe2ba9ca57468c4
INNER  L=7 idx=125   flat_off=2042    pairs=2      official_off=5076  
INNER  L=8 idx=250   flat_off=2298    pairs=1      official_off=5080  
LEAF   L=9 idx=500   flat_off=2804    sigma= 3fe2b3ecfa861a45
LEAF   L=9 idx=501   flat_off=2805    sigma= 3fe2ace9ce69b341
INNER  L=8 idx=251   flat_off=2299    pairs=1      official_off=5084  
LEAF   L=9 idx=502   flat_off=2806    sigma= 3fe2a6825d770536
LEAF   L=9 idx=503   flat_off=2807    sigma= 3fe2a06913eff57d
INNER  L=6 idx=63    flat_off=1788    pairs=4      official_off=5088  
INNER  L=7 idx=126   flat_off=2044    pairs=2      official_off=5096  
INNER  L=8 idx=252   flat_off=2300    pairs=1      official_off=5100  
LEAF   L=9 idx=504   flat_off=2808    sigma= 3fe2bda3bf15e378
LEAF   L=9 idx=505   flat_off=2809    sigma= 3fe2b6426ba496d7
INNER  L=8 idx=253   flat_off=2301    pairs=1      official_off=5104  
LEAF   L=9 idx=506   flat_off=2810    sigma= 3fe2b2a615c1c97b
LEAF   L=9 idx=507   flat_off=2811    sigma= 3fe2abadd4d1d79b
INNER  L=7 idx=127   flat_off=2046    pairs=2      official_off=5108  
INNER  L=8 idx=254   flat_off=2302    pairs=1      official_off=5112  
LEAF   L=9 idx=508   flat_off=2812    sigma= 3fe2a2dd53cdcfdb
LEAF   L=9 idx=509   flat_off=2813    sigma= 3fe29c3198e608db
INNER  L=8 idx=255   flat_off=2303    pairs=1      official_off=5116  
LEAF   L=9 idx=510   flat_off=2814    sigma= 3fe29667b3be0875
LEAF   L=9 idx=511   flat_off=2815    sigma= 3fe2906c7929a954

Total words: 2816  (inner pairs: 2304  leaves: 512)
